error: missing field annotated with #[span]
 --> tests/ui/missing_span_attribute_name_struct.rs
  |
  |   struct Foo {
  |  ____________^
  | |     a: Span,
  | | }
  | |_^
