error: union types not supported
 --> tests/ui/not_supported_unions.rs
  |
  | union Foo {
  | ^^^^^
